2026-10-08T20:31:53Z clean-build rev=wt-0213 surface=default sample=4 rc=0 seconds=22.5 loadavg=[5.55]
2026-10-08T20:32:14Z clean-build rev=wt-main surface=default sample=4 rc=0 seconds=20.9 loadavg=[6.06]
2026-10-08T20:32:38Z clean-build rev=wt-0213 surface=default sample=5 rc=0 seconds=24.1 loadavg=[6.44]
2026-10-08T20:33:00Z clean-build rev=wt-main surface=default sample=5 rc=0 seconds=21.7 loadavg=[6.38]
2026-10-08T20:33:25Z clean-build rev=wt-0213 surface=default sample=6 rc=0 seconds=24.7 loadavg=[6.60]
2026-10-08T20:33:47Z clean-build rev=wt-main surface=default sample=6 rc=0 seconds=21.2 loadavg=[6.13]
2026-10-08T20:34:05Z clean-check rev=wt-0213 surface=default sample=4 rc=0 seconds=17.8 loadavg=[6.08]
2026-10-08T20:34:20Z clean-check rev=wt-main surface=default sample=4 rc=0 seconds=15.6 loadavg=[6.68]
2026-10-08T20:34:37Z clean-check rev=wt-0213 surface=default sample=5 rc=0 seconds=17.0 loadavg=[5.97]
2026-10-08T20:34:53Z clean-check rev=wt-main surface=default sample=5 rc=0 seconds=15.8 loadavg=[5.49]
2026-10-08T20:35:10Z clean-check rev=wt-0213 surface=default sample=6 rc=0 seconds=17.2 loadavg=[5.76]
2026-10-08T20:35:26Z clean-check rev=wt-main surface=default sample=6 rc=0 seconds=15.8 loadavg=[5.86]
2026-10-08T20:36:21Z clean-build rev=wt-0213 surface=all-features sample=4 rc=0 seconds=54.6 loadavg=[8.94]
2026-10-08T20:37:04Z clean-build rev=wt-main surface=all-features sample=4 rc=0 seconds=42.7 loadavg=[10.29]
2026-10-08T20:37:57Z clean-build rev=wt-0213 surface=all-features sample=5 rc=0 seconds=52.7 loadavg=[11.41]
2026-10-08T20:38:41Z clean-build rev=wt-main surface=all-features sample=5 rc=0 seconds=43.7 loadavg=[11.19]
2026-10-08T20:39:35Z clean-build rev=wt-0213 surface=all-features sample=6 rc=0 seconds=53.5 loadavg=[11.38]
2026-10-08T20:40:18Z clean-build rev=wt-main surface=all-features sample=6 rc=0 seconds=43.4 loadavg=[12.42]
2026-10-08T20:41:00Z clean-check rev=wt-0213 surface=all-features sample=4 rc=0 seconds=41.6 loadavg=[11.88]
2026-10-08T20:41:35Z clean-check rev=wt-main surface=all-features sample=4 rc=0 seconds=34.6 loadavg=[12.78]
2026-10-08T20:42:17Z clean-check rev=wt-0213 surface=all-features sample=5 rc=0 seconds=41.7 loadavg=[11.74]
2026-10-08T20:42:52Z clean-check rev=wt-main surface=all-features sample=5 rc=0 seconds=34.5 loadavg=[12.33]
2026-10-08T20:43:34Z clean-check rev=wt-0213 surface=all-features sample=6 rc=0 seconds=42.1 loadavg=[11.96]
2026-10-08T20:44:09Z clean-check rev=wt-main surface=all-features sample=6 rc=0 seconds=35.0 loadavg=[12.06]
2026-10-08T20:44:09Z DONE
