2026-10-08T20:17:10Z host=flumix nproc=16 commit=d274e8f7a5cb48a7a0fad5202daf1cac4ed0e1e4 rustc=rustc 1.99.0 (b940084d7 2026-09-28) cargo=cargo 1.99.0 (5f94df478 2026-08-27)
2026-10-08T20:17:10Z lockfile_sha256=d827698d7efb577396757c0c32f60d37b8b2f4333a42aa0796c8111a2c59d33f lockfile_packages=522
2026-10-08T20:17:10Z cargo fetch done
2026-10-08T20:17:10Z profile=core flags=[-p optionstratlib-core] loadavg=[12.07 10.77 5.76]
2026-10-08T20:17:15Z clean-build profile=core sample=1 rc=0 seconds=4.8
2026-10-08T20:17:20Z clean-build profile=core sample=2 rc=0 seconds=4.9
2026-10-08T20:17:25Z clean-build profile=core sample=3 rc=0 seconds=4.9
2026-10-08T20:17:25Z artifact profile=core top_rlib=liboptionstratlib_core.rlib top_rlib_bytes=7627740 own_rlibs_bytes=7627740 target_bytes=222470046
2026-10-08T20:17:28Z incremental-check profile=core touched=crates/optionstratlib-core/src/lib.rs sample=1 rc=0 seconds=0.2
2026-10-08T20:17:28Z incremental-check profile=core touched=crates/optionstratlib-core/src/lib.rs sample=2 rc=0 seconds=0.2
2026-10-08T20:17:28Z incremental-check profile=core touched=crates/optionstratlib-core/src/lib.rs sample=3 rc=0 seconds=0.2
2026-10-08T20:17:32Z clean-check profile=core sample=1 rc=0 seconds=4.1
2026-10-08T20:17:37Z clean-check profile=core sample=2 rc=0 seconds=4.1
2026-10-08T20:17:40Z clean-check profile=core sample=3 rc=0 seconds=3.8
2026-10-08T20:17:40Z profile=pricing flags=[-p optionstratlib-pricing] loadavg=[8.96 10.14 5.71]
2026-10-08T20:17:51Z clean-build profile=pricing sample=1 rc=0 seconds=10.8
2026-10-08T20:18:03Z clean-build profile=pricing sample=2 rc=0 seconds=11.3
2026-10-08T20:18:14Z clean-build profile=pricing sample=3 rc=0 seconds=11.2
2026-10-08T20:18:14Z artifact profile=pricing top_rlib=liboptionstratlib_pricing.rlib top_rlib_bytes=12771888 own_rlibs_bytes=57608004 target_bytes=514120925
2026-10-08T20:18:22Z incremental-check profile=pricing touched=crates/optionstratlib-pricing/src/lib.rs sample=1 rc=0 seconds=0.3
2026-10-08T20:18:22Z incremental-check profile=pricing touched=crates/optionstratlib-pricing/src/lib.rs sample=2 rc=0 seconds=0.3
2026-10-08T20:18:22Z incremental-check profile=pricing touched=crates/optionstratlib-pricing/src/lib.rs sample=3 rc=0 seconds=0.3
2026-10-08T20:18:31Z clean-check profile=pricing sample=1 rc=0 seconds=8.7
2026-10-08T20:18:40Z clean-check profile=pricing sample=2 rc=0 seconds=8.8
2026-10-08T20:18:49Z clean-check profile=pricing sample=3 rc=0 seconds=8.6
2026-10-08T20:18:49Z profile=market flags=[-p optionstratlib-market] loadavg=[5.33 8.86 5.56]
2026-10-08T20:19:00Z clean-build profile=market sample=1 rc=0 seconds=11.3
2026-10-08T20:19:12Z clean-build profile=market sample=2 rc=0 seconds=11.8
2026-10-08T20:19:24Z clean-build profile=market sample=3 rc=0 seconds=11.7
2026-10-08T20:19:24Z artifact profile=market top_rlib=liboptionstratlib_market.rlib top_rlib_bytes=13643782 own_rlibs_bytes=71251786 target_bytes=555997431
2026-10-08T20:19:32Z incremental-check profile=market touched=crates/optionstratlib-market/src/lib.rs sample=1 rc=0 seconds=0.2
2026-10-08T20:19:33Z incremental-check profile=market touched=crates/optionstratlib-market/src/lib.rs sample=2 rc=0 seconds=0.2
2026-10-08T20:19:33Z incremental-check profile=market touched=crates/optionstratlib-market/src/lib.rs sample=3 rc=0 seconds=0.2
2026-10-08T20:19:42Z clean-check profile=market sample=1 rc=0 seconds=9.1
2026-10-08T20:19:52Z clean-check profile=market sample=2 rc=0 seconds=9.3
2026-10-08T20:20:01Z clean-check profile=market sample=3 rc=0 seconds=9.2
2026-10-08T20:20:01Z profile=simulation flags=[-p optionstratlib-simulation] loadavg=[4.46 7.90 5.49]
2026-10-08T20:20:13Z clean-build profile=simulation sample=1 rc=0 seconds=11.6
2026-10-08T20:20:24Z clean-build profile=simulation sample=2 rc=0 seconds=10.9
2026-10-08T20:20:35Z clean-build profile=simulation sample=3 rc=0 seconds=11.1
2026-10-08T20:20:35Z artifact profile=simulation top_rlib=liboptionstratlib_simulation.rlib top_rlib_bytes=3822584 own_rlibs_bytes=61430588 target_bytes=530666748
2026-10-08T20:20:43Z incremental-check profile=simulation touched=crates/optionstratlib-simulation/src/lib.rs sample=1 rc=0 seconds=0.2
2026-10-08T20:20:43Z incremental-check profile=simulation touched=crates/optionstratlib-simulation/src/lib.rs sample=2 rc=0 seconds=0.2
2026-10-08T20:20:43Z incremental-check profile=simulation touched=crates/optionstratlib-simulation/src/lib.rs sample=3 rc=0 seconds=0.2
2026-10-08T20:20:52Z clean-check profile=simulation sample=1 rc=0 seconds=8.9
2026-10-08T20:21:02Z clean-check profile=simulation sample=2 rc=0 seconds=9.1
2026-10-08T20:21:11Z clean-check profile=simulation sample=3 rc=0 seconds=9.1
2026-10-08T20:21:11Z profile=analytics flags=[-p optionstratlib-analytics] loadavg=[5.00 7.36 5.48]
2026-10-08T20:21:23Z clean-build profile=analytics sample=1 rc=0 seconds=12.1
2026-10-08T20:21:35Z clean-build profile=analytics sample=2 rc=0 seconds=12.1
2026-10-08T20:21:47Z clean-build profile=analytics sample=3 rc=0 seconds=12.0
2026-10-08T20:21:47Z artifact profile=analytics top_rlib=liboptionstratlib_analytics.rlib top_rlib_bytes=11621346 own_rlibs_bytes=82873132 target_bytes=593379300
2026-10-08T20:21:56Z incremental-check profile=analytics touched=crates/optionstratlib-analytics/src/lib.rs sample=1 rc=0 seconds=0.2
2026-10-08T20:21:56Z incremental-check profile=analytics touched=crates/optionstratlib-analytics/src/lib.rs sample=2 rc=0 seconds=0.2
2026-10-08T20:21:57Z incremental-check profile=analytics touched=crates/optionstratlib-analytics/src/lib.rs sample=3 rc=0 seconds=0.2
2026-10-08T20:22:06Z clean-check profile=analytics sample=1 rc=0 seconds=9.7
2026-10-08T20:22:16Z clean-check profile=analytics sample=2 rc=0 seconds=9.6
2026-10-08T20:22:26Z clean-check profile=analytics sample=3 rc=0 seconds=9.5
2026-10-08T20:22:26Z profile=facade-headless-domain flags=[-p optionstratlib --no-default-features --features backtest] loadavg=[3.51 6.42 5.30]
2026-10-08T20:22:41Z clean-build profile=facade-headless-domain sample=1 rc=0 seconds=15.1
2026-10-08T20:22:56Z clean-build profile=facade-headless-domain sample=2 rc=0 seconds=15.1
2026-10-08T20:23:11Z clean-build profile=facade-headless-domain sample=3 rc=0 seconds=15.4
2026-10-08T20:23:11Z artifact profile=facade-headless-domain top_rlib=liboptionstratlib.rlib top_rlib_bytes=136594 own_rlibs_bytes=161646408 target_bytes=823125967
2026-10-08T20:23:22Z incremental-check profile=facade-headless-domain touched=src/lib.rs sample=1 rc=0 seconds=0.1
2026-10-08T20:23:22Z incremental-check profile=facade-headless-domain touched=src/lib.rs sample=2 rc=0 seconds=0.1
2026-10-08T20:23:22Z incremental-check profile=facade-headless-domain touched=src/lib.rs sample=3 rc=0 seconds=0.1
2026-10-08T20:23:24Z incremental-check profile=facade-headless-domain touched=crates/optionstratlib-core/src/lib.rs sample=1 rc=0 seconds=1.2
2026-10-08T20:23:25Z incremental-check profile=facade-headless-domain touched=crates/optionstratlib-core/src/lib.rs sample=2 rc=0 seconds=1.2
2026-10-08T20:23:26Z incremental-check profile=facade-headless-domain touched=crates/optionstratlib-core/src/lib.rs sample=3 rc=0 seconds=1.2
2026-10-08T20:23:38Z clean-check profile=facade-headless-domain sample=1 rc=0 seconds=11.3
2026-10-08T20:23:49Z clean-check profile=facade-headless-domain sample=2 rc=0 seconds=11.4
2026-10-08T20:24:00Z clean-check profile=facade-headless-domain sample=3 rc=0 seconds=11.3
2026-10-08T20:24:00Z profile=facade-default flags=[-p optionstratlib] loadavg=[2.99 5.49 5.08]
2026-10-08T20:24:22Z clean-build profile=facade-default sample=1 rc=0 seconds=21.4
2026-10-08T20:24:43Z clean-build profile=facade-default sample=2 rc=0 seconds=20.9
2026-10-08T20:25:05Z clean-build profile=facade-default sample=3 rc=0 seconds=22.0
2026-10-08T20:25:05Z artifact profile=facade-default top_rlib=liboptionstratlib.rlib top_rlib_bytes=1527400 own_rlibs_bytes=204703478 target_bytes=1126396796
2026-10-08T20:25:20Z incremental-check profile=facade-default touched=src/lib.rs sample=1 rc=0 seconds=0.1
2026-10-08T20:25:20Z incremental-check profile=facade-default touched=src/lib.rs sample=2 rc=0 seconds=0.1
2026-10-08T20:25:20Z incremental-check profile=facade-default touched=src/lib.rs sample=3 rc=0 seconds=0.1
2026-10-08T20:25:22Z incremental-check profile=facade-default touched=crates/optionstratlib-core/src/lib.rs sample=1 rc=0 seconds=1.6
2026-10-08T20:25:23Z incremental-check profile=facade-default touched=crates/optionstratlib-core/src/lib.rs sample=2 rc=0 seconds=1.6
2026-10-08T20:25:27Z incremental-check profile=facade-default touched=crates/optionstratlib-core/src/lib.rs sample=3 rc=0 seconds=3.6
2026-10-08T20:25:42Z clean-check profile=facade-default sample=1 rc=0 seconds=15.2
2026-10-08T20:25:58Z clean-check profile=facade-default sample=2 rc=0 seconds=15.4
2026-10-08T20:26:14Z clean-check profile=facade-default sample=3 rc=0 seconds=16.0
2026-10-08T20:26:14Z profile=facade-all-features flags=[-p optionstratlib --all-features] loadavg=[5.83 5.78 5.24]
2026-10-08T20:26:56Z clean-build profile=facade-all-features sample=1 rc=0 seconds=42.0
2026-10-08T20:27:39Z clean-build profile=facade-all-features sample=2 rc=0 seconds=42.5
2026-10-08T20:28:22Z clean-build profile=facade-all-features sample=3 rc=0 seconds=42.9
2026-10-08T20:28:22Z artifact profile=facade-all-features top_rlib=liboptionstratlib.rlib top_rlib_bytes=1533928 own_rlibs_bytes=208996724 target_bytes=2390464034
2026-10-08T20:28:49Z incremental-check profile=facade-all-features touched=src/lib.rs sample=1 rc=0 seconds=2.7
2026-10-08T20:28:52Z incremental-check profile=facade-all-features touched=src/lib.rs sample=2 rc=0 seconds=2.7
2026-10-08T20:28:54Z incremental-check profile=facade-all-features touched=src/lib.rs sample=3 rc=0 seconds=2.7
2026-10-08T20:28:57Z incremental-check profile=facade-all-features touched=crates/optionstratlib-core/src/lib.rs sample=1 rc=0 seconds=2.7
2026-10-08T20:29:00Z incremental-check profile=facade-all-features touched=crates/optionstratlib-core/src/lib.rs sample=2 rc=0 seconds=2.7
2026-10-08T20:29:03Z incremental-check profile=facade-all-features touched=crates/optionstratlib-core/src/lib.rs sample=3 rc=0 seconds=2.9
2026-10-08T20:29:37Z clean-check profile=facade-all-features sample=1 rc=0 seconds=34.4
2026-10-08T20:30:12Z clean-check profile=facade-all-features sample=2 rc=0 seconds=34.5
2026-10-08T20:30:47Z clean-check profile=facade-all-features sample=3 rc=0 seconds=34.2
2026-10-08T20:30:47Z DONE
